src/net/sourceforge/dvb/projectx/audio/AudioFormat.java
src/net/sourceforge/dvb/projectx/audio/AudioFormatDTS.java
src/net/sourceforge/dvb/projectx/audio/AudioFormatAC3.java
src/net/sourceforge/dvb/projectx/audio/AudioFormatLPCM.java
src/net/sourceforge/dvb/projectx/audio/AudioFormatWAV.java
src/net/sourceforge/dvb/projectx/audio/AudioFormatMPA.java
src/net/sourceforge/dvb/projectx/audio/AudioFormatAAC.java
src/net/sourceforge/dvb/projectx/audio/MpaConverter.java
src/net/sourceforge/dvb/projectx/audio/MpaDecoder.java
src/net/sourceforge/dvb/projectx/common/Common.java
src/net/sourceforge/dvb/projectx/common/GuiInterface.java
src/net/sourceforge/dvb/projectx/common/GuiInterfaceIF.java
src/net/sourceforge/dvb/projectx/common/JobCollection.java
src/net/sourceforge/dvb/projectx/common/JobProcessing.java
src/net/sourceforge/dvb/projectx/common/Keys.java
src/net/sourceforge/dvb/projectx/common/Resource.java
src/net/sourceforge/dvb/projectx/common/Settings.java
src/net/sourceforge/dvb/projectx/common/Start.java
src/net/sourceforge/dvb/projectx/io/BitWalker.java
src/net/sourceforge/dvb/projectx/io/IDDBufferedOutputStream.java
src/net/sourceforge/dvb/projectx/io/RawFile.java
src/net/sourceforge/dvb/projectx/io/StandardBuffer.java
src/net/sourceforge/dvb/projectx/net/WebInterface.java
src/net/sourceforge/dvb/projectx/net/X_URLDecoder.java
src/net/sourceforge/dvb/projectx/parser/CommonParsing.java
src/net/sourceforge/dvb/projectx/parser/Gop.java
src/net/sourceforge/dvb/projectx/parser/GopArray.java
src/net/sourceforge/dvb/projectx/parser/HpFix.java
src/net/sourceforge/dvb/projectx/parser/MainProcess.java
src/net/sourceforge/dvb/projectx/parser/Scan.java
src/net/sourceforge/dvb/projectx/parser/StreamBuffer.java
src/net/sourceforge/dvb/projectx/parser/StreamConverter.java
src/net/sourceforge/dvb/projectx/parser/StreamDemultiplexer.java
src/net/sourceforge/dvb/projectx/parser/StreamParser.java
src/net/sourceforge/dvb/projectx/parser/StreamParserBase.java
src/net/sourceforge/dvb/projectx/parser/StreamParserPVA.java
src/net/sourceforge/dvb/projectx/parser/StreamParserTS.java
src/net/sourceforge/dvb/projectx/parser/StreamParserPESPrimary.java
src/net/sourceforge/dvb/projectx/parser/StreamParserPESSecondary.java
src/net/sourceforge/dvb/projectx/parser/StreamParserESVideo.java
src/net/sourceforge/dvb/projectx/parser/StreamParserESAudio.java
src/net/sourceforge/dvb/projectx/parser/StreamParserESSubpicture.java
src/net/sourceforge/dvb/projectx/parser/StreamProcess.java
src/net/sourceforge/dvb/projectx/parser/StreamProcessBase.java
src/net/sourceforge/dvb/projectx/parser/StreamProcessTeletext.java
src/net/sourceforge/dvb/projectx/parser/StreamProcessSubpicture.java
src/net/sourceforge/dvb/projectx/parser/StreamProcessAudio.java
src/net/sourceforge/dvb/projectx/parser/StreamProcessLPCMAudio.java
src/net/sourceforge/dvb/projectx/parser/StripAudio.java
src/net/sourceforge/dvb/projectx/parser/StripRelook.java
src/net/sourceforge/dvb/projectx/parser/StripMedion.java
src/net/sourceforge/dvb/projectx/parser/TS_PMTParser.java
src/net/sourceforge/dvb/projectx/parser/VBI.java
src/net/sourceforge/dvb/projectx/subtitle/Bitmap.java
src/net/sourceforge/dvb/projectx/subtitle/BMP.java
src/net/sourceforge/dvb/projectx/subtitle/CharSet.java
src/net/sourceforge/dvb/projectx/subtitle/DVBSubpicture.java
src/net/sourceforge/dvb/projectx/subtitle/Subpicture.java
src/net/sourceforge/dvb/projectx/subtitle/Teletext.java
src/net/sourceforge/dvb/projectx/subtitle/UnicodeWriter.java
src/net/sourceforge/dvb/projectx/subtitle/Sup2VobSub.java
src/net/sourceforge/dvb/projectx/subtitle/ColorAreas.java
src/net/sourceforge/dvb/projectx/thirdparty/Chapters.java
src/net/sourceforge/dvb/projectx/thirdparty/D2V.java
src/net/sourceforge/dvb/projectx/thirdparty/Ifo.java
src/net/sourceforge/dvb/projectx/thirdparty/TS.java
src/net/sourceforge/dvb/projectx/video/IDCTRefNative.java
src/net/sourceforge/dvb/projectx/video/IDCTSseNative.java
src/net/sourceforge/dvb/projectx/video/MpvDecoder.java
src/net/sourceforge/dvb/projectx/video/Preview.java
src/net/sourceforge/dvb/projectx/video/PreviewObject.java
src/net/sourceforge/dvb/projectx/video/Video.java
src/net/sourceforge/dvb/projectx/video/WSS.java
src/net/sourceforge/dvb/projectx/xinput/DirType.java
src/net/sourceforge/dvb/projectx/xinput/FileType.java
src/net/sourceforge/dvb/projectx/xinput/StreamInfo.java
src/net/sourceforge/dvb/projectx/xinput/XInputDirectory.java
src/net/sourceforge/dvb/projectx/xinput/XInputDirectoryIF.java
src/net/sourceforge/dvb/projectx/xinput/XInputFile.java
src/net/sourceforge/dvb/projectx/xinput/XInputFileIF.java
src/net/sourceforge/dvb/projectx/xinput/XInputStream.java
src/net/sourceforge/dvb/projectx/xinput/file/XInputDirectoryImpl.java
src/net/sourceforge/dvb/projectx/xinput/file/XInputFileImpl.java
src/net/sourceforge/dvb/projectx/xinput/ftp/FtpServer.java
src/net/sourceforge/dvb/projectx/xinput/ftp/FtpVO.java
src/net/sourceforge/dvb/projectx/xinput/ftp/StringCommandListener.java
src/net/sourceforge/dvb/projectx/xinput/ftp/XInputDirectoryImpl.java
src/net/sourceforge/dvb/projectx/xinput/ftp/XInputFileImpl.java
src/net/sourceforge/dvb/projectx/xinput/topfield_raw/RawFileInputStream.java
src/net/sourceforge/dvb/projectx/xinput/topfield_raw/RawInterface.java
src/net/sourceforge/dvb/projectx/xinput/topfield_raw/RawReadIF.java
src/net/sourceforge/dvb/projectx/xinput/topfield_raw/XInputDirectoryImpl.java
src/net/sourceforge/dvb/projectx/xinput/topfield_raw/XInputFileImpl.java
src/edu/stanford/ejalbert/BrowserLauncher.java
src/RawRead.java
