src\net\sourceforge\dvb\projectx\audio\Audio.java
src\net\sourceforge\dvb\projectx\audio\AudioFrameConstants.java
src\net\sourceforge\dvb\projectx\audio\CRC.java
src\net\sourceforge\dvb\projectx\audio\MPAC.java
src\net\sourceforge\dvb\projectx\audio\MPAD.java
src\net\sourceforge\dvb\projectx\audio\RIFFHeader.java
src\net\sourceforge\dvb\projectx\common\Common.java
src\net\sourceforge\dvb\projectx\common\Resource.java
src\net\sourceforge\dvb\projectx\common\X.java
src\net\sourceforge\dvb\projectx\gui\UISwitchListener.java
src\net\sourceforge\dvb\projectx\gui\LogArea.java
src\net\sourceforge\dvb\projectx\gui\HexViewer.java
src\net\sourceforge\dvb\projectx\gui\AboutBox.java
src\net\sourceforge\dvb\projectx\gui\StartUp.java
src\net\sourceforge\dvb\projectx\gui\BRMonitor.java
src\net\sourceforge\dvb\projectx\gui\Html.java
src\net\sourceforge\dvb\projectx\io\IDDBufferedOutputStream.java
src\net\sourceforge\dvb\projectx\io\StandardBuffer.java
src\net\sourceforge\dvb\projectx\io\Scan.java
src\net\sourceforge\dvb\projectx\subtitle\DVBSubpicture.java
src\net\sourceforge\dvb\projectx\subtitle\SubPicture.java
src\net\sourceforge\dvb\projectx\subtitle\Teletext.java
src\net\sourceforge\dvb\projectx\subtitle\TeletextPageMatrix.java
src\net\sourceforge\dvb\projectx\subtitle\CharSet.java
src\net\sourceforge\dvb\projectx\subtitle\Bitmap.java
src\net\sourceforge\dvb\projectx\subtitle\BMP.java
src\net\sourceforge\dvb\projectx\thirdparty\Ifo.java
src\net\sourceforge\dvb\projectx\thirdparty\D2V.java
src\net\sourceforge\dvb\projectx\thirdparty\Chapters.java
src\net\sourceforge\dvb\projectx\thirdparty\TS.java
src\net\sourceforge\dvb\projectx\video\MPVD.java
src\net\sourceforge\dvb\projectx\video\Video.java
src\net\sourceforge\dvb\projectx\video\WSS.java
src\net\sourceforge\dvb\projectx\video\Preview.java
src\net\sourceforge\dvb\projectx\video\PreviewObject.java
src\net\sourceforge\dvb\projectx\video\PatchPanel.java
src\net\sourceforge\dvb\projectx\xinput\DirType.java
src\net\sourceforge\dvb\projectx\xinput\FileType.java
src\net\sourceforge\dvb\projectx\xinput\XInputDirectory.java
src\net\sourceforge\dvb\projectx\xinput\XInputDirectoryIF.java
src\net\sourceforge\dvb\projectx\xinput\XInputFile.java
src\net\sourceforge\dvb\projectx\xinput\XInputFileIF.java
src\net\sourceforge\dvb\projectx\xinput\XInputStream.java
src\net\sourceforge\dvb\projectx\xinput\file\XInputDirectoryImpl.java
src\net\sourceforge\dvb\projectx\xinput\file\XInputFileImpl.java
src\net\sourceforge\dvb\projectx\xinput\ftp\FtpChooser.java
src\net\sourceforge\dvb\projectx\xinput\ftp\FtpServer.java
src\net\sourceforge\dvb\projectx\xinput\ftp\FtpVO.java
src\net\sourceforge\dvb\projectx\xinput\ftp\StringCommandListener.java
src\net\sourceforge\dvb\projectx\xinput\ftp\XInputDirectoryImpl.java
src\net\sourceforge\dvb\projectx\xinput\ftp\XInputFileImpl.java
src\net\sourceforge\dvb\projectx\xinput\ftp\test\FtpTest.java
src\net\sourceforge\dvb\projectx\xinput\ftp\test\PrintCommandListener.java
src\net\sourceforge\dvb\projectx\xinput\topfield_raw\RawFileInputStream.java
src\net\sourceforge\dvb\projectx\xinput\topfield_raw\RawInterface.java
src\net\sourceforge\dvb\projectx\xinput\topfield_raw\RawReadIF.java
src\edu\stanford\ejalbert\BrowserLauncher.java
src\RawRead.java
